app/lib/actions/match-upload-actions.ts(166,21): error TS18048: 'stats' is possibly 'undefined'.
app/lib/actions/match-upload-actions.ts(167,22): error TS18048: 'stats' is possibly 'undefined'.
app/lib/actions/match-upload-actions.ts(169,5): error TS18048: 'stats' is possibly 'undefined'.
app/lib/actions/match-upload-actions.ts(170,5): error TS18048: 'stats' is possibly 'undefined'.
app/lib/actions/match-upload-actions.ts(173,7): error TS18048: 'stats' is possibly 'undefined'.
app/lib/actions/match-upload-actions.ts(174,7): error TS18048: 'stats' is possibly 'undefined'.
app/lib/actions/match-upload-actions.ts(175,7): error TS18048: 'stats' is possibly 'undefined'.
app/lib/actions/match-upload-actions.ts(176,7): error TS18048: 'stats' is possibly 'undefined'.
app/lib/actions/match-upload-actions.ts(177,7): error TS18048: 'stats' is possibly 'undefined'.
app/lib/actions/match-upload-actions.ts(178,35): error TS18048: 'stats' is possibly 'undefined'.
app/lib/actions/match-upload-actions.ts(179,12): error TS18048: 'stats' is possibly 'undefined'.
app/lib/actions/match-upload-actions.ts(181,7): error TS18048: 'stats' is possibly 'undefined'.
app/lib/actions/match-upload-actions.ts(181,36): error TS18048: 'stats' is possibly 'undefined'.
app/lib/actions/match-upload-actions.ts(182,32): error TS18048: 'stats' is possibly 'undefined'.
app/lib/actions/match-upload-actions.ts(183,34): error TS18048: 'stats' is possibly 'undefined'.
app/lib/actions/match-upload-actions.ts(184,33): error TS18048: 'stats' is possibly 'undefined'.
app/lib/actions/match-upload-actions.ts(185,35): error TS18048: 'stats' is possibly 'undefined'.
app/lib/actions/match-upload-actions.ts(188,26): error TS18048: 'stats' is possibly 'undefined'.
app/lib/actions/match-upload-actions.ts(189,7): error TS18048: 'stats' is possibly 'undefined'.
app/lib/actions/match-upload-actions.ts(189,44): error TS18048: 'stats' is possibly 'undefined'.
app/lib/actions/match-upload-actions.ts(189,74): error TS18048: 'stats' is possibly 'undefined'.
app/lib/actions/match-upload-actions.ts(190,7): error TS18048: 'stats' is possibly 'undefined'.
app/lib/actions/match-upload-actions.ts(190,31): error TS18048: 'stats' is possibly 'undefined'.
app/lib/actions/match-upload-actions.ts(190,54): error TS18048: 'stats' is possibly 'undefined'.
app/lib/actions/match-upload-actions.ts(190,71): error TS18048: 'stats' is possibly 'undefined'.
app/lib/actions/match-upload-actions.ts(194,7): error TS18048: 'stats' is possibly 'undefined'.
app/lib/actions/match-upload-actions.ts(195,7): error TS18048: 'stats' is possibly 'undefined'.
app/lib/actions/match-upload-actions.ts(196,7): error TS18048: 'stats' is possibly 'undefined'.
app/lib/actions/match-upload-actions.ts(197,7): error TS18048: 'stats' is possibly 'undefined'.
app/lib/actions/match-upload-actions.ts(198,7): error TS18048: 'stats' is possibly 'undefined'.
app/lib/actions/match-upload-actions.ts(198,37): error TS18048: 'stats' is possibly 'undefined'.
app/lib/actions/match-upload-actions.ts(198,62): error TS18048: 'stats' is possibly 'undefined'.
app/lib/actions/match-upload-actions.ts(199,7): error TS18048: 'stats' is possibly 'undefined'.
app/lib/actions/match-upload-actions.ts(202,35): error TS18048: 'stats' is possibly 'undefined'.
app/lib/actions/match-upload-actions.ts(203,9): error TS18048: 'stats' is possibly 'undefined'.
app/lib/actions/match-upload-actions.ts(204,9): error TS18048: 'stats' is possibly 'undefined'.
app/lib/actions/match-upload-actions.ts(205,9): error TS18048: 'stats' is possibly 'undefined'.
app/lib/actions/match-upload-actions.ts(206,43): error TS18048: 'stats' is possibly 'undefined'.
app/lib/actions/match-upload-actions.ts(207,34): error TS18048: 'stats' is possibly 'undefined'.
app/lib/actions/match-upload-actions.ts(208,11): error TS18048: 'stats' is possibly 'undefined'.
app/lib/actions/match-upload-actions.ts(209,11): error TS18048: 'stats' is possibly 'undefined'.
app/lib/actions/match-upload-actions.ts(213,36): error TS18048: 'stats' is possibly 'undefined'.
app/lib/actions/match-upload-actions.ts(214,35): error TS18048: 'stats' is possibly 'undefined'.
app/lib/actions/match-upload-actions.ts(215,35): error TS18048: 'stats' is possibly 'undefined'.
app/lib/actions/match-upload-actions.ts(218,7): error TS18048: 'stats' is possibly 'undefined'.
app/lib/actions/match-upload-actions.ts(218,28): error TS18048: 'stats' is possibly 'undefined'.
app/lib/actions/match-upload-actions.ts(218,53): error TS18048: 'stats' is possibly 'undefined'.
app/lib/actions/match-upload-actions.ts(218,71): error TS18048: 'stats' is possibly 'undefined'.
app/lib/actions/match-upload-actions.ts(219,37): error TS18048: 'stats' is possibly 'undefined'.
app/lib/actions/match-upload-actions.ts(219,62): error TS18048: 'stats' is possibly 'undefined'.
app/lib/actions/match-upload-actions.ts(220,7): error TS18048: 'stats' is possibly 'undefined'.
app/lib/actions/match-upload-actions.ts(220,45): error TS18048: 'stats' is possibly 'undefined'.
app/lib/actions/match-upload-actions.ts(221,7): error TS18048: 'stats' is possibly 'undefined'.
app/lib/actions/match-upload-actions.ts(221,32): error TS18048: 'stats' is possibly 'undefined'.
app/lib/actions/match-upload-actions.ts(221,57): error TS18048: 'stats' is possibly 'undefined'.
app/lib/actions/match-upload-actions.ts(221,76): error TS18048: 'stats' is possibly 'undefined'.
